Did load bar.kico with errors:
Line 1, column 46: mismatched input 'system' expecting 'label'
