Could not find valid compilation strategy description in bar.kico.
Found the following problems:
Line 1, column 1: mismatched input '<EOF>' expecting 'system'