The provided strategy file 'bar.kico' is not a file.
