The provided strategy file 'bar.kico' does not exist.
