The extension of the provided strategy file 'bar.kic' is invalid, see help content.
