The provided output path does exist, but writing is not permitted.
