The provided strategy file 'bar.kico' is not readable.
